// Jest Snapshot v1, https://goo.gl/fbAQLP

exports[`Testing <AddCategory/> Testing Snapshot Component 1`] = `
<form
  onSubmit={[Function]}
>
  <p>
     
     
  </p>
  <input
    onChange={[Function]}
    placeholder="Add categories..."
    type="text"
    value=""
  />
</form>
`;
